src/controller/referral.controller.ts(95,30): error TS18048: 'req.user' is possibly 'undefined'.
